\BOOKMARK [1][-]{section*.4}{\376\377\000I\000n\000t\000r\000o\000d\000u\000c\000c\000i\000\363\000n}{}% 1
\BOOKMARK [2][-]{section*.5}{\376\377\000J\000u\000s\000t\000i\000f\000i\000c\000a\000c\000i\000\363\000n\000\040\000d\000e\000l\000\040\000P\000r\000o\000y\000e\000c\000t\000o}{section*.4}% 2
\BOOKMARK [2][-]{section*.6}{\376\377\000D\000e\000c\000i\000s\000i\000\363\000n\000\040\000T\000e\000c\000n\000o\000l\000\363\000g\000i\000c\000a\000:\000\040\000L\000a\000\040\000D\000i\000s\000y\000u\000n\000t\000i\000v\000a\000\040\000e\000n\000t\000r\000e\000\040\000R\000F\000I\000D\000\040\000y\000\040\000C\000\363\000d\000i\000g\000o\000s\000\040\000Q\000R}{section*.4}% 3
\BOOKMARK [2][-]{section*.7}{\376\377\000O\000r\000g\000a\000n\000i\000z\000a\000c\000i\000\363\000n\000\040\000d\000e\000l\000\040\000D\000o\000c\000u\000m\000e\000n\000t\000o}{section*.4}% 4
\BOOKMARK [1][-]{section*.13}{\376\377\000M\000a\000r\000c\000o\000\040\000t\000e\000\363\000r\000i\000c\000o\000\040\000y\000\040\000t\000r\000a\000b\000a\000j\000o\000s\000\040\000r\000e\000l\000a\000c\000i\000o\000n\000a\000d\000o\000s}{}% 5
\BOOKMARK [2][-]{section*.14}{\376\377\000S\000i\000s\000t\000e\000m\000a\000s\000\040\000d\000e\000\040\000a\000s\000i\000s\000t\000e\000n\000c\000i\000a\000\040\000b\000a\000s\000a\000d\000o\000s\000\040\000e\000n\000\040\000c\000\363\000d\000i\000g\000o\000s\000\040\000Q\000R}{section*.13}% 6
\BOOKMARK [2][-]{section*.15}{\376\377\000I\000n\000t\000e\000g\000r\000a\000c\000i\000\363\000n\000\040\000d\000e\000\040\000R\000F\000I\000D\000\040\000p\000a\000r\000a\000\040\000a\000s\000i\000s\000t\000e\000n\000c\000i\000a\000\040\000r\000\341\000p\000i\000d\000a}{section*.13}% 7
\BOOKMARK [2][-]{section*.16}{\376\377\000S\000i\000s\000t\000e\000m\000a\000s\000\040\000h\000\355\000b\000r\000i\000d\000o\000s\000\040\000y\000\040\000s\000o\000l\000u\000c\000i\000o\000n\000e\000s\000\040\000c\000o\000n\000\040\000m\000\372\000l\000t\000i\000p\000l\000e\000s\000\040\000c\000a\000p\000a\000s\000\040\000d\000e\000\040\000s\000e\000g\000u\000r\000i\000d\000a\000d}{section*.13}% 8
\BOOKMARK [2][-]{section*.17}{\376\377\000A\000p\000o\000r\000t\000e\000s\000\040\000m\000e\000t\000o\000d\000o\000l\000\363\000g\000i\000c\000o\000s\000\040\000y\000\040\000a\000r\000q\000u\000i\000t\000e\000c\000t\000u\000r\000a\000s\000\040\000d\000e\000\040\000s\000o\000f\000t\000w\000a\000r\000e}{section*.13}% 9
\BOOKMARK [2][-]{section*.18}{\376\377\000L\000e\000c\000c\000i\000o\000n\000e\000s\000\040\000a\000p\000r\000e\000n\000d\000i\000d\000a\000s\000\040\000y\000\040\000j\000u\000s\000t\000i\000f\000i\000c\000a\000c\000i\000\363\000n\000\040\000d\000e\000\040\000l\000a\000\040\000s\000o\000l\000u\000c\000i\000\363\000n\000\040\000p\000r\000o\000p\000u\000e\000s\000t\000a}{section*.13}% 10
\BOOKMARK [1][-]{section*.19}{\376\377\000M\000e\000t\000o\000d\000o\000l\000o\000g\000\355\000a\000\040\000d\000e\000\040\000i\000n\000v\000e\000s\000t\000i\000g\000a\000c\000i\000\363\000n\000\040\000a\000p\000l\000i\000c\000a\000d\000a}{}% 11
\BOOKMARK [2][-]{section*.20}{\376\377\000D\000i\000s\000e\000\361\000o\000\040\000m\000e\000t\000o\000d\000o\000l\000\363\000g\000i\000c\000o}{section*.19}% 12
\BOOKMARK [2][-]{section*.21}{\376\377\000C\000o\000m\000p\000a\000r\000a\000c\000i\000\363\000n\000\040\000d\000e\000\040\000m\000e\000t\000o\000d\000o\000l\000o\000g\000\355\000a\000s\000\040\000\341\000g\000i\000l\000e\000s}{section*.19}% 13
\BOOKMARK [2][-]{section*.22}{\376\377\000D\000a\000t\000o\000s\000\040\000e\000\040\000i\000n\000s\000t\000r\000u\000m\000e\000n\000t\000o\000s}{section*.19}% 14
\BOOKMARK [2][-]{section*.23}{\376\377\000P\000r\000o\000c\000e\000d\000i\000m\000i\000e\000n\000t\000o\000\040\000y\000\040\000v\000a\000l\000i\000d\000e\000z}{section*.19}% 15
\BOOKMARK [1][-]{section*.24}{\376\377\000I\000m\000p\000l\000e\000m\000e\000n\000t\000a\000c\000i\000\363\000n\000\040\000d\000e\000l\000\040\000s\000o\000f\000t\000w\000a\000r\000e}{}% 16
\BOOKMARK [2][-]{section*.25}{\376\377\000A\000r\000q\000u\000i\000t\000e\000c\000t\000u\000r\000a\000\040\000d\000e\000l\000\040\000s\000i\000s\000t\000e\000m\000a}{section*.24}% 17
\BOOKMARK [2][-]{section*.26}{\376\377\000P\000r\000\341\000c\000t\000i\000c\000a\000s\000\040\000d\000e\000\040\000d\000e\000s\000a\000r\000r\000o\000l\000l\000o\000\040\000y\000\040\000c\000a\000l\000i\000d\000a\000d}{section*.24}% 18
\BOOKMARK [2][-]{section*.27}{\376\377\000F\000r\000a\000g\000m\000e\000n\000t\000o\000\040\000r\000e\000p\000r\000e\000s\000e\000n\000t\000a\000t\000i\000v\000o\000\040\000d\000e\000\040\000c\000\363\000d\000i\000g\000o}{section*.24}% 19
\BOOKMARK [2][-]{section*.28}{\376\377\000C\000o\000m\000p\000a\000r\000a\000c\000i\000\363\000n\000\040\000y\000\040\000j\000u\000s\000t\000i\000f\000i\000c\000a\000c\000i\000\363\000n\000\040\000d\000e\000\040\000t\000e\000c\000n\000o\000l\000o\000g\000\355\000a\000s}{section*.24}% 20
\BOOKMARK [1][-]{section*.29}{\376\377\000E\000v\000a\000l\000u\000a\000c\000i\000\363\000n\000\040\000y\000\040\000r\000e\000s\000u\000l\000t\000a\000d\000o\000s}{}% 21
\BOOKMARK [2][-]{section*.30}{\376\377\000M\000\351\000t\000r\000i\000c\000a\000s\000\040\000D\000O\000R\000A\000\040\000d\000e\000l\000\040\000p\000r\000o\000y\000e\000c\000t\000o}{section*.29}% 22
\BOOKMARK [2][-]{section*.31}{\376\377\000E\000v\000o\000l\000u\000c\000i\000\363\000n\000\040\000t\000e\000m\000p\000o\000r\000a\000l\000\040\000d\000e\000\040\000l\000a\000s\000\040\000m\000\351\000t\000r\000i\000c\000a\000s}{section*.29}% 23
\BOOKMARK [2][-]{section*.32}{\376\377\000V\000a\000l\000i\000d\000a\000c\000i\000\363\000n\000\040\000c\000o\000n\000\040\000u\000s\000u\000a\000r\000i\000o\000s\000\040\000r\000e\000a\000l\000e\000s}{section*.29}% 24
\BOOKMARK [2][-]{section*.33}{\376\377\000I\000n\000t\000e\000r\000p\000r\000e\000t\000a\000c\000i\000\363\000n\000\040\000d\000e\000\040\000l\000o\000s\000\040\000r\000e\000s\000u\000l\000t\000a\000d\000o\000s}{section*.29}% 25
\BOOKMARK [1][-]{section*.34}{\376\377\000D\000i\000s\000c\000u\000s\000i\000\363\000n}{}% 26
\BOOKMARK [2][-]{section*.35}{\376\377\000L\000o\000\040\000q\000u\000e\000\040\000c\000o\000n\000f\000i\000r\000m\000a\000n\000\040\000l\000o\000s\000\040\000r\000e\000s\000u\000l\000t\000a\000d\000o\000s}{section*.34}% 27
\BOOKMARK [2][-]{section*.36}{\376\377\000L\000a\000s\000\040\000l\000i\000m\000i\000t\000a\000c\000i\000o\000n\000e\000s\000\040\000q\000u\000e\000\040\000d\000e\000b\000o\000\040\000r\000e\000c\000o\000n\000o\000c\000e\000r}{section*.34}% 28
\BOOKMARK [2][-]{section*.37}{\376\377\000\277\000S\000e\000\040\000p\000u\000e\000d\000e\000\040\000a\000p\000l\000i\000c\000a\000r\000\040\000e\000n\000\040\000o\000t\000r\000o\000s\000\040\000l\000u\000g\000a\000r\000e\000s\000?}{section*.34}% 29
\BOOKMARK [2][-]{section*.38}{\376\377\000E\000n\000\040\000r\000e\000s\000u\000m\000e\000n}{section*.34}% 30
\BOOKMARK [1][-]{section*.39}{\376\377\000C\000o\000n\000c\000l\000u\000s\000i\000o\000n\000e\000s\000\040\000y\000\040\000t\000r\000a\000b\000a\000j\000o\000\040\000f\000u\000t\000u\000r\000o}{}% 31
\BOOKMARK [2][-]{section*.40}{\376\377\000L\000i\000m\000i\000t\000a\000c\000i\000o\000n\000e\000s\000\040\000i\000d\000e\000n\000t\000i\000f\000i\000c\000a\000d\000a\000s}{section*.39}% 32
\BOOKMARK [2][-]{section*.41}{\376\377\000T\000r\000a\000b\000a\000j\000o\000\040\000f\000u\000t\000u\000r\000o}{section*.39}% 33
\BOOKMARK [2][-]{section*.42}{\376\377\000C\000i\000e\000r\000r\000e}{section*.39}% 34
